# Flat list for doom.wad generated with mkflatlst.sh

FLOOR0_1 floor0_1.ppm
FLOOR0_3 floor0_3.ppm
FLOOR0_6 floor0_6.ppm
FLOOR1_1 floor1_1.ppm
FLOOR1_7 floor1_7.ppm
FLOOR3_3 floor3_3.ppm
FLOOR4_1 floor4_1.ppm
FLOOR4_5 floor4_5.ppm
FLOOR4_6 floor4_6.ppm
FLOOR4_8 floor4_8.ppm
FLOOR5_1 floor5_1.ppm
FLOOR5_2 floor5_2.ppm
FLOOR5_3 floor5_3.ppm
FLOOR5_4 floor5_4.ppm
STEP1 step1.ppm
STEP2 step2.ppm
FLOOR6_1 floor6_1.ppm
FLOOR6_2 floor6_2.ppm
TLITE6_1 tlite6_1.ppm
TLITE6_4 tlite6_4.ppm
TLITE6_5 tlite6_5.ppm
TLITE6_6 tlite6_6.ppm
FLOOR7_1 floor7_1.ppm
FLOOR7_2 floor7_2.ppm
MFLR8_1 mflr8_1.ppm
DEM1_1 dem1_1.ppm
DEM1_2 dem1_2.ppm
DEM1_3 dem1_3.ppm
DEM1_4 dem1_4.ppm
CEIL3_1 ceil3_1.ppm
CEIL3_2 ceil3_2.ppm
CEIL3_5 ceil3_5.ppm
CEIL4_2 ceil4_2.ppm
CEIL4_3 ceil4_3.ppm
CEIL5_1 ceil5_1.ppm
CEIL5_2 ceil5_2.ppm
FLAT1 flat1.ppm
FLAT2 flat2.ppm
FLAT5 flat5.ppm
FLAT10 flat10.ppm
FLAT14 flat14.ppm
FLAT18 flat18.ppm
FLAT20 flat20.ppm
FLAT22 flat22.ppm
FLAT23 flat23.ppm
FLAT5_4 flat5_4.ppm
FLAT5_5 flat5_5.ppm
CONS1_1 cons1_1.ppm
CONS1_5 cons1_5.ppm
CONS1_7 cons1_7.ppm
NUKAGE1 nukage1.ppm
NUKAGE2 nukage2.ppm
NUKAGE3 nukage3.ppm
F_SKY1 f_sky1.ppm
SFLR6_1 sflr6_1.ppm
SFLR6_4 sflr6_4.ppm
SFLR7_1 sflr7_1.ppm
SFLR7_4 sflr7_4.ppm
FLOOR0_2 floor0_2.ppm
FLOOR0_5 floor0_5.ppm
FLOOR0_7 floor0_7.ppm
FLOOR1_6 floor1_6.ppm
GATE1 gate1.ppm
GATE2 gate2.ppm
GATE3 gate3.ppm
GATE4 gate4.ppm
FWATER1 fwater1.ppm
FWATER2 fwater2.ppm
FWATER3 fwater3.ppm
FWATER4 fwater4.ppm
LAVA1 lava1.ppm
LAVA2 lava2.ppm
LAVA3 lava3.ppm
LAVA4 lava4.ppm
DEM1_5 dem1_5.ppm
DEM1_6 dem1_6.ppm
MFLR8_2 mflr8_2.ppm
MFLR8_3 mflr8_3.ppm
MFLR8_4 mflr8_4.ppm
CEIL1_1 ceil1_1.ppm
CEIL1_2 ceil1_2.ppm
CEIL1_3 ceil1_3.ppm
CEIL3_3 ceil3_3.ppm
CEIL3_4 ceil3_4.ppm
CEIL3_6 ceil3_6.ppm
CEIL4_1 ceil4_1.ppm
BLOOD1 blood1.ppm
BLOOD2 blood2.ppm
BLOOD3 blood3.ppm
FLAT1_1 flat1_1.ppm
FLAT1_2 flat1_2.ppm
FLAT1_3 flat1_3.ppm
FLAT5_1 flat5_1.ppm
FLAT5_2 flat5_2.ppm
FLAT5_3 flat5_3.ppm
FLAT5_6 flat5_6.ppm
FLAT5_7 flat5_7.ppm
FLAT5_8 flat5_8.ppm
CRATOP1 cratop1.ppm
CRATOP2 cratop2.ppm
FLAT3 flat3.ppm
FLAT4 flat4.ppm
FLAT8 flat8.ppm
FLAT9 flat9.ppm
FLAT17 flat17.ppm
FLAT19 flat19.ppm
COMP01 comp01.ppm
