# This is the list of things which can be placed in a Doom map.
# The list is sorted alphabetical by thing names, but it doesn't need to be
# in any particluar order, because tkwadcad sorts it internaly.
#
# If the Height field has a 0 the height of the thing is not relevant,
# because the player can walk through/under it. Some things have a 0
# in the radius field, I don't know right now which size this things have,
# needs to be fixed sometime.
#
#ID     Height  Radius  Sprite		Class	Description

2007	16	20	CLIPA0		Ammo	: Ammo Clip
2015	16	20	BON2D0		Armor	: Armor Helmet
   8	16	20	BPAKA0		Ammo	: Backpack
3003	64	24	BOSSA1		Monster	: Baron of Hell
2035	42	10	BAR1A0		Deco	: Barrel
2023	16	20	PSTRA0		Health	: Berserk Sphere
2006	0	20	BFUGA0		Weapon	: BFG 9000
2019	16	20	ARM2A0		Armor	: Blue Armor
   5	16	20	BKEYA0		Key	: Blue Keycard
  40	16	20	BSKUA0		Key	: Blue Skull Key
2048	16	20	AMMOA0		Ammo	: Box of Ammo
2046	16	20	BROKA0		Ammo	: Box of Rockets
2049	16	20	SBOXA0		Ammo	: Box of Shells
  47	16	16	SMITA0		Deco	: Brown Stub
3005	56	31	HEADA1		Monster	: Cacodemon
  35	16	16	CBRAA0		Deco	: Candelabra
  34	0	16	CANDA0		Deco	: Candle
  17	16	20	CELPA0		Ammo	: Cell Charge Pack
2002	0	20	MGUNA0		Weapon	: Chaingun
2005	0	20	CSAWA0		Weapon	: Chainsaw
2026	16	20	PMAPA0		Item	: Computer Map
  16	110	40	CYBRA1		Monster	: Cyberdemon
  22	0	31	HEADL0		Deco	: Dead Cacodemon
  21	0	30	SARGN0		Deco	: Dead Demon
  20	0	20	TROOM0		Deco	: Dead Imp
  15	0	16	PLAYN0		Deco	: Dead Marine
  19	0	20	SPOSL0		Deco	: Dead Sargeant
  18	0	20	POSSL0		Deco	: Dead Trooper
  11	56	16	PLAYF1		Player	: Deathmatch Start
3002	56	30	SARGA1		Monster	: Demon
2047	16	20	CELLA0		Ammo	: Energy Cell
  41	16	16	CEYEA0		Deco	: Eye in Symbol
  42	16	16	FSKUA0		Deco	: Flaming Skulls
2018	16	20	ARM1A0		Armor	: Green Armor
  43	16	16	TRE1A0		Deco	: Grey Tree
  10	0	16	PLAYW0		Deco	: Guts and Bones
  12	0	16	PLAYW0		Deco	: Guts and Bones 2
  50	84	16	GOR2A0		Deco	: Hanging Arms Out
  59	84	16	GOR2A0		Deco	: Hanging Arms Out 2
  53	52	16	GOR5A0		Deco	: Hanging Leg
  62	52	16	GOR5A0		Deco	: Hanging Leg 2
  51	84	16	GOR3A0		Deco	: Hanging One-Legged Body
  61	52	16	GOR3A0		Deco	: Hanging One-Legged Body 2
  49	68	16	GOR1A0		Deco	: Hanging Swaying Body
  63	68	16	GOR1A0		Deco	: Hanging Swaying Body 2
  52	68	16	GOR4A0		Deco	: Hanging Torso
  60	68	16	GOR4A0		Deco	: Hanging Torso 2
2014	16	20	BON1A0		Health	: Health Potion
3001	56	20	TROOA1		Monster	: Imp
  25	16	16	POL1A0		Deco	: Impaled Body
2024	16	20	PINSA0		Item	: Invisibility
2022	16	20	PINVA0		Item	: Invulnerability
  54	16	32	TRE2A0		Deco	: Large Tree
2045	16	20	PVISA0		Item	: Light Amplification Visor
3006	56	16	SKULA1		Monster	: Lost Soul
2012	16	20	MEDIA0		Health	: Medical Kit
  29	16	16	POL3A0		Deco	: Pile of Skulls
  36	16	16	COL5A0		Deco	: Pillar with Heart
  37	16	16	COL6A0		Deco	: Pillar with Skull
2004	16	20	PLASA0		Weapon	: Plasma Gun
   1	56	16	PLAYA1		Player	: Player 1 Start
   2	56	16	PLAYA1		Player	: Player 2 Start
   3	56	16	PLAYA1		Player	: Player 3 Start
   4	56	16	PLAYA1		Player	: Player 4 Start
  27	16	16	POL4A0		Deco	: Pole with Skull
  24	0	16	POL5A0		Deco	: Pool of Blood
2025	16	20	SUITA0		Item	: Radiation Suit
  13	16	20	RKEYA0		Key	: Red Keycard
  38	16	20	RSKUA0		Key	: Red Skull Key
2010	16	20	ROCKA0		Ammo	: Rocket
2003	16	20	LAUNA0		Weapon	: Rocket Launcher
   9	56	20	SPOSA1		Monster	: Sargeant
2008	16	20	SHELA0		Ammo	: Shells
  31	16	16	COL2A0		Deco	: Short Green Pillar
2028	16	16	COLUA0		Deco	: Short Lamp
  33	16	16	COL4A0		Deco	: Short Red Pillar
2001	16	20	SHOTA0		Weapon	: Shotgun
  28	16	16	POL2A0		Deco	: Skewered Heads
  55	16	16	SMBTA0		Deco	: Small Blue Torch
  56	16	16	SMGTA0		Deco	: Small Green Torch
  57	16	16	SMRTA0		Deco	: Small Red Torch
2013	16	20	SOULA0		Item	: Soul Sphere
  58	56	30	SARGA1		Monster	: Spectre
   7	100	128	SPIDA1D1	Monster	: Spider Mastermind
2011	16	20	STIMA0		Health	: Stimpack
  44	16	16	TBLUA0		Deco	: Tall Blue Torch
  30	16	16	COL1A0		Deco	: Tall Green Pillar
  45	16	16	TGRNA0		Deco	: Tall Green Torch
  32	16	16	COL3A0		Deco	: Tall Red Pillar
  46	16	16	TREDA0		Deco	: Tall Red Torch
  48	16	16	ELECA0		Deco	: Technical Column
  14	0	0	TFOGC0		Player	: Teleport Exit
3004	56	20	POSSA1		Monster	: Trooper
  26	16	16	POL6A0		Deco	: Twitching Body
   6	16	20	YKEYA0		Key	: Yellow Keycard
  39	16	20	YSKUA0		Key	: Yellow Skull Key
